// Jest Snapshot v1, https://goo.gl/fbAQLP

exports[`<Footer /> renders three <Footer /> components 1`] = `ShallowWrapper {}`;
